C_REQUEST_EVENT_MATCHING_TELEPORT = 51187
C_REQUEST_RECV_DAILY_TOKEN = 30353
C_REQUEST_SERVER_ADMINTOOL_AWESOMIUM_URL = 32936
C_UPDATE_AFK_STATUS = 49233

S_CANT_FLY_ANYMORE = 47759
S_FATIGABILITY_POINT = 35442
S_FIELD_EVENT_PROGRESS_INFO = 31273

C_REQUEST_START_GUILD_QUEST = 33648
C_REQUEST_FINISH_GUILD_QUEST = 42988
S_UPDATE_GUILD_QUEST_STATUS = 46566

C_SELECT_CHANNEL = 30764
S_PREPARE_SELECT_CHANNEL = 21805
S_CANCEL_SELECT_CHANNEL = 39098
S_CURRENT_CHANNEL = 20065

C_PUT_WARE_ITEM = 46092
C_GET_WARE_ITEM = 34026
S_VIEW_WARE_EX = 26217

C_REQUEST_SPAWN_SERVANT = 61640
C_START_SERVANT_ACTIVE_SKILL = 50800
C_USE_SERVANT_FEED_ITEM = 43773
S_UPDATE_SERVANT_INFO = 62137

C_TRADE_BROKER_CALC_BOUGHT_ITEM = 35920
C_TRADE_BROKER_BOUGHT_ITEM_LIST = 51761
S_TRADE_BROKER_BOUGHT_ITEM_LIST = 20444

C_CHANGE_CARD_PRESET = 46528
C_MOUNT_CARD = 62823
C_UNMOUNT_CARD = 44173
S_CARD_DATA = 41259
S_CHANGE_CARD_PRESET = 20289
S_MOUNT_CARD = 30030
S_UNMOUNT_CARD = 56135

C_CAST_FISHING_ROD = 63748
C_START_FISHING_MINIGAME = 21410
C_END_FISHING_MINIGAME = 46726
C_STOP_FISHING = 39654
S_START_FISHING_CHARGE = 63691
S_CAST_FISHING_ROD = 24346
S_FISHING_BITE = 33353
S_START_FISHING_MINIGAME = 53955
S_FISHING_CATCH = 56568
S_FISHING_CATCH_FAIL = 27512
C_RQ_ADD_ITEM_TO_DECOMPOSITION_CONTRACT = 62488
C_STORE_COMMIT = 30177
C_STORE_SELL_ADD_BASKET = 38893
S_RP_ADD_ITEM_TO_DECOMPOSITION_CONTRACT = 28862
S_STORE_BASKET = 50565
S_FISHING_STOP = 60196