C_REQUEST_RECV_DAILY_TOKEN = 20749
C_REQUEST_SERVER_ADMINTOOL_AWESOMIUM_URL = 46450
C_REQUEST_EVENT_MATCHING_TELEPORT = 44548
C_UPDATE_AFK_STATUS = 45265

S_CANT_FLY_ANYMORE = 63830
S_FATIGABILITY_POINT = 36418
S_FIELD_EVENT_PROGRESS_INFO = 32173

C_REQUEST_START_GUILD_QUEST = 58289
C_REQUEST_FINISH_GUILD_QUEST = 57143
S_UPDATE_GUILD_QUEST_STATUS = 58881
S_GUILD_QUEST_LIST = 25017
S_SHOW_GUILD_QUEST_LIST = 47669

C_SELECT_CHANNEL = 38970
S_PREPARE_SELECT_CHANNEL = 27047
S_CANCEL_SELECT_CHANNEL = 27830
S_CURRENT_CHANNEL = 46761

C_PUT_WARE_ITEM = 56214
C_GET_WARE_ITEM = 42264
S_VIEW_WARE_EX = 25284

C_REQUEST_SPAWN_SERVANT = 54859
C_START_SERVANT_ACTIVE_SKILL = 50304
C_USE_SERVANT_FEED_ITEM = 41774
S_UPDATE_SERVANT_INFO = 49506

C_TRADE_BROKER_CALC_BOUGHT_ITEM = 24981
C_TRADE_BROKER_BOUGHT_ITEM_LIST = 25682
S_TRADE_BROKER_BOUGHT_ITEM_LIST = 48749

C_CHANGE_CARD_PRESET = 44280
C_MOUNT_CARD = 39596
C_UNMOUNT_CARD = 60278
S_CHANGE_CARD_PRESET = 54581
S_MOUNT_CARD = 54064
S_UNMOUNT_CARD = 21117
S_CARD_DATA = 23514

C_CAST_FISHING_ROD = 44520
C_START_FISHING_MINIGAME = 54639
C_END_FISHING_MINIGAME = 53034
C_STOP_FISHING = 28287
S_START_FISHING_CHARGE = 47551
S_CAST_FISHING_ROD = 35953
S_FISHING_BITE = 40899
S_START_FISHING_MINIGAME = 29960
S_FISHING_CATCH = 23491
S_FISHING_CATCH_FAIL = 47626
S_FISHING_STOP = 62125
C_RQ_ADD_ITEM_TO_DECOMPOSITION_CONTRACT = 59481
C_STORE_SELL_ADD_BASKET = 44252
C_STORE_COMMIT = 23525
S_RP_ADD_ITEM_TO_DECOMPOSITION_CONTRACT = 54590
S_STORE_BASKET = 34871

S_PVP_RANKING_LIST = 40738
S_GUILD_INFO = 42904