C_REQUEST_RECV_DAILY_TOKEN = 60093
C_REQUEST_SERVER_ADMINTOOL_AWESOMIUM_URL = 47072
C_REQUEST_EVENT_MATCHING_TELEPORT = 32979
C_UPDATE_AFK_STATUS = 57941

S_CANT_FLY_ANYMORE = 64565
S_FATIGABILITY_POINT = 26365
S_FIELD_EVENT_PROGRESS_INFO = 25578

C_REQUEST_START_GUILD_QUEST = 44908
C_REQUEST_FINISH_GUILD_QUEST = 20246
S_UPDATE_GUILD_QUEST_STATUS = 35335
S_GUILD_QUEST_LIST = 32584
S_SHOW_GUILD_QUEST_LIST = 45997

C_SELECT_CHANNEL = 61407
S_PREPARE_SELECT_CHANNEL = 47732
S_CANCEL_SELECT_CHANNEL = 31294
S_CURRENT_CHANNEL = 48738

C_PUT_WARE_ITEM = 55460
C_GET_WARE_ITEM = 21920
S_VIEW_WARE_EX = 45405

C_REQUEST_SPAWN_SERVANT = 48274
C_START_SERVANT_ACTIVE_SKILL = 62735
C_USE_SERVANT_FEED_ITEM = 21491
S_UPDATE_SERVANT_INFO = 43397

C_TRADE_BROKER_CALC_BOUGHT_ITEM = 52257
C_TRADE_BROKER_BOUGHT_ITEM_LIST = 51147
S_TRADE_BROKER_BOUGHT_ITEM_LIST = 57857

C_CHANGE_CARD_PRESET = 56305
C_MOUNT_CARD = 54860
C_UNMOUNT_CARD = 63105
S_CHANGE_CARD_PRESET = 26784
S_MOUNT_CARD = 37179
S_UNMOUNT_CARD = 44108
S_CARD_DATA = 36070

C_CAST_FISHING_ROD = 22713
C_START_FISHING_MINIGAME = 57806
C_END_FISHING_MINIGAME = 43963
C_STOP_FISHING = 62963
S_START_FISHING_CHARGE = 20986
S_CAST_FISHING_ROD = 48730
S_FISHING_BITE = 48067
S_START_FISHING_MINIGAME = 20996
S_FISHING_CATCH = 23382
S_FISHING_CATCH_FAIL = 28664
S_FISHING_STOP = 65072
C_RQ_ADD_ITEM_TO_DECOMPOSITION_CONTRACT = 60775
C_STORE_SELL_ADD_BASKET = 31509
C_STORE_COMMIT = 41838
S_RP_ADD_ITEM_TO_DECOMPOSITION_CONTRACT = 40264
S_STORE_BASKET = 50497