C_REQUEST_RECV_DAILY_TOKEN = 62827
C_REQUEST_SERVER_ADMINTOOL_AWESOMIUM_URL = 44862
C_REQUEST_EVENT_MATCHING_TELEPORT = 47257
C_UPDATE_AFK_STATUS = 63206

S_CANT_FLY_ANYMORE = 49412
S_FATIGABILITY_POINT = 52982
S_FIELD_EVENT_PROGRESS_INFO = 27165

C_REQUEST_START_GUILD_QUEST = 53778
C_REQUEST_FINISH_GUILD_QUEST = 62734
S_UPDATE_GUILD_QUEST_STATUS = 27169
S_GUILD_QUEST_LIST = 58784
S_SHOW_GUILD_QUEST_LIST = 57011

C_SELECT_CHANNEL = 24627
S_PREPARE_SELECT_CHANNEL = 61239
S_CANCEL_SELECT_CHANNEL = 37175
S_CURRENT_CHANNEL = 20493

C_PUT_WARE_ITEM = 27119
C_GET_WARE_ITEM = 43591
S_VIEW_WARE_EX = 44625

C_REQUEST_SPAWN_SERVANT = 21879
C_START_SERVANT_ACTIVE_SKILL = 34084
C_USE_SERVANT_FEED_ITEM = 49425
S_UPDATE_SERVANT_INFO = 55230

C_TRADE_BROKER_CALC_BOUGHT_ITEM = 47511
C_TRADE_BROKER_BOUGHT_ITEM_LIST = 59048
S_TRADE_BROKER_BOUGHT_ITEM_LIST = 38507

C_CHANGE_CARD_PRESET = 37701
C_MOUNT_CARD = 38928
C_UNMOUNT_CARD = 28269
S_CHANGE_CARD_PRESET = 22466
S_MOUNT_CARD = 40089
S_UNMOUNT_CARD = 60153
S_CARD_DATA = 40178

C_CAST_FISHING_ROD = 33624
C_START_FISHING_MINIGAME = 61668
C_END_FISHING_MINIGAME = 54271
C_STOP_FISHING = 30745
S_START_FISHING_CHARGE = 21463
S_CAST_FISHING_ROD = 36954
S_FISHING_BITE = 56680
S_START_FISHING_MINIGAME = 28525
S_FISHING_CATCH = 57949
S_FISHING_CATCH_FAIL = 60793
S_FISHING_STOP = 59418
C_RQ_ADD_ITEM_TO_DECOMPOSITION_CONTRACT = 31359
C_STORE_SELL_ADD_BASKET = 28897
C_STORE_COMMIT = 33020
S_RP_ADD_ITEM_TO_DECOMPOSITION_CONTRACT = 38834
S_STORE_BASKET = 27981